*** Using Compiler 'V5.06 update 6 (build 750)', folder: 'D:\Keil_v5\ARM\ARMCC\Bin'
Build target 'Target 1'
assembling startup_gd32f30x_hd.s...
compiling gd32f30x_misc.c...
"no source": Warning:  #3036-D: "D:\Keil_v5\ARM\ARMCC\include" was specified as both a system and non-system include directory -- the non-system entry will be ignored
..\Firmware\CMSIS\GD\GD32F30x\Include\gd32f30x.h(351): error:  #5: cannot open source input file "gd32f30x_libopt.h": No such file or directory
  #include "gd32f30x_libopt.h"
..\Firmware\GD32F30x_standard_peripheral\Source\gd32f30x_misc.c: 1 warning, 1 error
compiling gd32f30x_rcu.c...
"no source": Warning:  #3036-D: "D:\Keil_v5\ARM\ARMCC\include" was specified as both a system and non-system include directory -- the non-system entry will be ignored
..\Firmware\CMSIS\GD\GD32F30x\Include\gd32f30x.h(351): error:  #5: cannot open source input file "gd32f30x_libopt.h": No such file or directory
  #include "gd32f30x_libopt.h"
..\Firmware\GD32F30x_standard_peripheral\Source\gd32f30x_rcu.c: 1 warning, 1 error
compiling main.c...
"no source": Warning:  #3036-D: "D:\Keil_v5\ARM\ARMCC\include" was specified as both a system and non-system include directory -- the non-system entry will be ignored
..\Firmware\CMSIS\GD\GD32F30x\Include\gd32f30x.h(351): error:  #5: cannot open source input file "gd32f30x_libopt.h": No such file or directory
  #include "gd32f30x_libopt.h"
..\User\main.c: 1 warning, 1 error
compiling gd32f30x_gpio.c...
"no source": Warning:  #3036-D: "D:\Keil_v5\ARM\ARMCC\include" was specified as both a system and non-system include directory -- the non-system entry will be ignored
..\Firmware\CMSIS\GD\GD32F30x\Include\gd32f30x.h(351): error:  #5: cannot open source input file "gd32f30x_libopt.h": No such file or directory
  #include "gd32f30x_libopt.h"
..\Firmware\GD32F30x_standard_peripheral\Source\gd32f30x_gpio.c: 1 warning, 1 error
compiling system_gd32f30x.c...
"no source": Warning:  #3036-D: "D:\Keil_v5\ARM\ARMCC\include" was specified as both a system and non-system include directory -- the non-system entry will be ignored
..\Firmware\CMSIS\GD\GD32F30x\Include\gd32f30x.h(351): error:  #5: cannot open source input file "gd32f30x_libopt.h": No such file or directory
  #include "gd32f30x_libopt.h"
..\Firmware\CMSIS\GD\GD32F30x\Source\system_gd32f30x.c: 1 warning, 1 error
compiling gd32f30x_it.c...
"no source": Warning:  #3036-D: "D:\Keil_v5\ARM\ARMCC\include" was specified as both a system and non-system include directory -- the non-system entry will be ignored
..\Firmware\CMSIS\GD\GD32F30x\Include\gd32f30x.h(351): error:  #5: cannot open source input file "gd32f30x_libopt.h": No such file or directory
  #include "gd32f30x_libopt.h"
..\User\gd32f30x_it.c: 1 warning, 1 error
".\Objects\GD32F303CCT6.axf" - 6 Error(s), 6 Warning(s).
Target not created.
Build Time Elapsed:  00:00:00
